{
    "parameter": [
        {
            "name": "variants",
            "part": [
                {
                    "name": "presence",
                    "valueBoolean": true
                },
                {
                    "name": "rangeItem",
                    "valueString": "NC_000007.14:116672195-116798386"
                },
                {
                    "name": "variant",
                    "resource": {
                        "category": [
                            {
                                "coding": [
                                    {
                                        "code": "laboratory",
                                        "system": "http://terminology.hl7.org/CodeSystem/observation-category"
                                    }
                                ]
                            }
                        ],
                        "code": {
                            "coding": [
                                {
                                    "code": "69548-6",
                                    "display": "Genetic variant assessment",
                                    "system": "http://loinc.org"
                                }
                            ]
                        },
                        "component": [
                            {
                                "code": {
                                    "coding": [
                                        {
                                            "code": "48002-0",
                                            "display": "Genomic Source Class",
                                            "system": "http://loinc.org"
                                        }
                                    ]
                                },
                                "valueCodeableConcept": {
                                    "coding": [
                                        {
                                            "code": "LA6684-0",
                                            "display": "somatic",
                                            "system": "http://loinc.org"
                                        }
                                    ]
                                }
                            },
                            {
                                "code": {
                                    "coding": [
                                        {
                                            "code": "48013-7",
                                            "display": "Genomic reference sequence ID",
                                            "system": "http://loinc.org"
                                        }
                                    ]
                                },
                                "valueCodeableConcept": {
                                    "coding": [
                                        {
                                            "code": "NC_000007.13",
                                            "system": "http://www.ncbi.nlm.nih.gov/nuccore"
                                        }
                                    ]
                                }
                            },
                            {
                                "code": {
                                    "coding": [
                                        {
                                            "code": "48019-4",
                                            "display": "DNA Change Type",
                                            "system": "http://loinc.org"
                                        }
                                    ]
                                },
                                "valueCodeableConcept": {
                                    "coding": [
                                        {
                                            "code": "SO:1000035",
                                            "display": "duplication",
                                            "system": "http://sequenceontology.org"
                                        }
                                    ]
                                }
                            },
                            {
                                "code": {
                                    "coding": [
                                        {
                                            "code": "69547-8",
                                            "display": "Genomic Ref allele [ID]",
                                            "system": "http://loinc.org"
                                        }
                                    ]
                                },
                                "valueString": "N"
                            },
                            {
                                "code": {
                                    "coding": [
                                        {
                                            "code": "81301-4",
                                            "display": "Variant outer start-end",
                                            "system": "http://loinc.org"
                                        }
                                    ]
                                },
                                "valueRange": {
                                    "high": {
                                        "value": 129038244
                                    },
                                    "low": {
                                        "value": 66028223
                                    }
                                }
                            },
                            {
                                "code": {
                                    "coding": [
                                        {
                                            "code": "81302-2",
                                            "display": "Variant inner start-end",
                                            "system": "http://loinc.org"
                                        }
                                    ]
                                },
                                "valueRange": {
                                    "high": {
                                        "value": 129038224
                                    },
                                    "low": {
                                        "value": 66028243
                                    }
                                }
                            },
                            {
                                "code": {
                                    "coding": [
                                        {
                                            "code": "92822-6",
                                            "display": "Genomic coord system",
                                            "system": "http://loinc.org"
                                        }
                                    ]
                                },
                                "valueCodeableConcept": {
                                    "coding": [
                                        {
                                            "code": "LA30100-4",
                                            "display": "0-based interval counting",
                                            "system": "http://loinc.org"
                                        }
                                    ]
                                }
                            }
                        ],
                        "id": "dv-87ca3273153f4202a878863a1d96f213",
                        "meta": {
                            "profile": [
                                "http://hl7.org/fhir/uv/genomics-reporting/StructureDefinition/variant"
                            ]
                        },
                        "resourceType": "Observation",
                        "status": "final",
                        "subject": {
                            "reference": "Patient/HCC1143"
                        },
                        "valueCodeableConcept": {
                            "coding": [
                                {
                                    "code": "LA9633-4",
                                    "display": "present",
                                    "system": "http://loinc.org"
                                }
                            ]
                        }
                    }
                }
            ]
        }
    ],
    "resourceType": "Parameters"
}