{
    "parameter": [
        {
            "name": "variants",
            "part": [
                {
                    "name": "presence",
                    "valueBoolean": true
                },
                {
                    "name": "rangeItem",
                    "valueString": "NC_000022.10:42522500-42526812"
                },
                {
                    "name": "variant",
                    "resource": {
                        "category": [
                            {
                                "coding": [
                                    {
                                        "code": "laboratory",
                                        "system": "http://terminology.hl7.org/CodeSystem/observation-category"
                                    }
                                ]
                            }
                        ],
                        "code": {
                            "coding": [
                                {
                                    "code": "69548-6",
                                    "display": "Genetic variant assessment",
                                    "system": "http://loinc.org"
                                }
                            ]
                        },
                        "component": [
                            {
                                "code": {
                                    "coding": [
                                        {
                                            "code": "48013-7",
                                            "display": "Genomic reference sequence ID",
                                            "system": "http://loinc.org"
                                        }
                                    ]
                                },
                                "valueCodeableConcept": {
                                    "coding": [
                                        {
                                            "code": "NC_000022.10",
                                            "system": "http://www.ncbi.nlm.nih.gov/nuccore"
                                        }
                                    ]
                                }
                            },
                            {
                                "code": {
                                    "coding": [
                                        {
                                            "code": "48019-4",
                                            "display": "DNA Change Type",
                                            "system": "http://loinc.org"
                                        }
                                    ]
                                },
                                "valueCodeableConcept": {
                                    "coding": [
                                        {
                                            "code": "SO:0000159",
                                            "display": "deletion",
                                            "system": "http://sequenceontology.org"
                                        }
                                    ]
                                }
                            },
                            {
                                "code": {
                                    "coding": [
                                        {
                                            "code": "69547-8",
                                            "display": "Genomic Ref allele [ID]",
                                            "system": "http://loinc.org"
                                        }
                                    ]
                                },
                                "valueString": "N"
                            },
                            {
                                "code": {
                                    "coding": [
                                        {
                                            "code": "81301-4",
                                            "display": "Variant outer start-end",
                                            "system": "http://loinc.org"
                                        }
                                    ]
                                },
                                "valueRange": {
                                    "high": {
                                        "value": 42528050
                                    },
                                    "low": {
                                        "value": 42520950
                                    }
                                }
                            },
                            {
                                "code": {
                                    "coding": [
                                        {
                                            "code": "81302-2",
                                            "display": "Variant inner start-end",
                                            "system": "http://loinc.org"
                                        }
                                    ]
                                },
                                "valueRange": {
                                    "high": {
                                        "value": 42527950
                                    },
                                    "low": {
                                        "value": 42521050
                                    }
                                }
                            },
                            {
                                "code": {
                                    "coding": [
                                        {
                                            "code": "82155-3",
                                            "display": "Genomic Structural Variant copy Number",
                                            "system": "http://loinc.org"
                                        }
                                    ]
                                },
                                "valueQuantity": {
                                    "code": "1",
                                    "system": "http://unitsofmeasure.org",
                                    "value": 1
                                }
                            },
                            {
                                "code": {
                                    "coding": [
                                        {
                                            "code": "92822-6",
                                            "display": "Genomic coord system",
                                            "system": "http://loinc.org"
                                        }
                                    ]
                                },
                                "valueCodeableConcept": {
                                    "coding": [
                                        {
                                            "code": "LA30100-4",
                                            "display": "0-based interval counting",
                                            "system": "http://loinc.org"
                                        }
                                    ]
                                }
                            }
                        ],
                        "id": "dv-5daa556853884f0cad0ef1333d17b50d",
                        "meta": {
                            "profile": [
                                "http://hl7.org/fhir/uv/genomics-reporting/StructureDefinition/variant"
                            ]
                        },
                        "resourceType": "Observation",
                        "status": "final",
                        "subject": {
                            "reference": "Patient/ABC789"
                        },
                        "valueCodeableConcept": {
                            "coding": [
                                {
                                    "code": "LA9633-4",
                                    "display": "present",
                                    "system": "http://loinc.org"
                                }
                            ]
                        }
                    }
                }
            ]
        }
    ],
    "resourceType": "Parameters"
}