{
    "parameter": [
        {
            "name": "implication",
            "resource": {
                "category": [
                    {
                        "coding": [
                            {
                                "code": "laboratory",
                                "system": "http://terminology.hl7.org/CodeSystem/observation-category"
                            }
                        ]
                    }
                ],
                "code": {
                    "coding": [
                        {
                            "code": "therapeutic-implication",
                            "system": "http://hl7.org/fhir/uv/genomics-reporting/CodeSystem/tbd-codes-cs"
                        }
                    ]
                },
                "component": [
                    {
                        "code": {
                            "coding": [
                                {
                                    "code": "51963-7",
                                    "display": "medication-assessed",
                                    "system": "http://loinc.org"
                                }
                            ]
                        },
                        "valueCodeableConcept": {
                            "coding": [
                                {
                                    "code": "1147220",
                                    "display": "Vemurafenib",
                                    "system": "http://www.nlm.nih.gov/research/umls/rxnorm"
                                }
                            ]
                        }
                    },
                    {
                        "code": {
                            "coding": [
                                {
                                    "code": "81259-4",
                                    "display": "phenotypic treatment context",
                                    "system": "http://loinc.org"
                                }
                            ]
                        },
                        "valueCodeableConcept": {
                            "coding": [
                                {
                                    "code": "DOID:3908",
                                    "display": "Lung Non-small Cell Carcinoma",
                                    "system": "https://disease-ontology.org"
                                }
                            ]
                        }
                    },
                    {
                        "code": {
                            "coding": [
                                {
                                    "code": "93044-6",
                                    "display": "Level of evidence",
                                    "system": "http://loinc.org"
                                }
                            ]
                        },
                        "valueCodeableConcept": {
                            "text": "B (Clinical evidence)"
                        }
                    },
                    {
                        "code": {
                            "coding": [
                                {
                                    "code": "predicted-therapeutic-implication",
                                    "display": "predicted-therapeutic-implication",
                                    "system": "http://hl7.org/fhir/uv/genomics-reporting/CodeSystem/tbd-codes-cs"
                                }
                            ]
                        },
                        "valueCodeableConcept": {
                            "text": "Supports Sensitivity/Response"
                        }
                    }
                ],
                "derivedFrom": [
                    {
                        "reference": "Observation/dv-58a39ad867e146f585bb553bb10ce85a"
                    }
                ],
                "id": "dv-6737a82bd7c0d2714e4ae580",
                "identifier": [
                    {
                        "system": "https://civicdb.org/evidence",
                        "value": "5958"
                    },
                    {
                        "system": "https://civicdb.org/variant",
                        "value": "12"
                    }
                ],
                "meta": {
                    "profile": [
                        "http://hl7.org/fhir/uv/genomics-reporting/StructureDefinition/therapeutic-implication"
                    ]
                },
                "resourceType": "Observation",
                "status": "final",
                "subject": {
                    "reference": "Patient/CA12345"
                }
            }
        },
        {
            "name": "implication",
            "resource": {
                "category": [
                    {
                        "coding": [
                            {
                                "code": "laboratory",
                                "system": "http://terminology.hl7.org/CodeSystem/observation-category"
                            }
                        ]
                    }
                ],
                "code": {
                    "coding": [
                        {
                            "code": "therapeutic-implication",
                            "system": "http://hl7.org/fhir/uv/genomics-reporting/CodeSystem/tbd-codes-cs"
                        }
                    ]
                },
                "component": [
                    {
                        "code": {
                            "coding": [
                                {
                                    "code": "51963-7",
                                    "display": "medication-assessed",
                                    "system": "http://loinc.org"
                                }
                            ]
                        },
                        "valueCodeableConcept": {
                            "coding": [
                                {
                                    "code": "1424911",
                                    "display": "Dabrafenib",
                                    "system": "http://www.nlm.nih.gov/research/umls/rxnorm"
                                }
                            ]
                        }
                    },
                    {
                        "code": {
                            "coding": [
                                {
                                    "code": "51963-7",
                                    "display": "medication-assessed",
                                    "system": "http://loinc.org"
                                }
                            ]
                        },
                        "valueCodeableConcept": {
                            "coding": [
                                {
                                    "code": "1425099",
                                    "display": "Trametinib",
                                    "system": "http://www.nlm.nih.gov/research/umls/rxnorm"
                                }
                            ]
                        }
                    },
                    {
                        "code": {
                            "coding": [
                                {
                                    "code": "81259-4",
                                    "display": "phenotypic treatment context",
                                    "system": "http://loinc.org"
                                }
                            ]
                        },
                        "valueCodeableConcept": {
                            "coding": [
                                {
                                    "code": "DOID:3908",
                                    "display": "Lung Non-small Cell Carcinoma",
                                    "system": "https://disease-ontology.org"
                                }
                            ]
                        }
                    },
                    {
                        "code": {
                            "coding": [
                                {
                                    "code": "93044-6",
                                    "display": "Level of evidence",
                                    "system": "http://loinc.org"
                                }
                            ]
                        },
                        "valueCodeableConcept": {
                            "text": "A (Validated association)"
                        }
                    },
                    {
                        "code": {
                            "coding": [
                                {
                                    "code": "predicted-therapeutic-implication",
                                    "display": "predicted-therapeutic-implication",
                                    "system": "http://hl7.org/fhir/uv/genomics-reporting/CodeSystem/tbd-codes-cs"
                                }
                            ]
                        },
                        "valueCodeableConcept": {
                            "text": "Supports Sensitivity/Response"
                        }
                    }
                ],
                "derivedFrom": [
                    {
                        "reference": "Observation/dv-58a39ad867e146f585bb553bb10ce85a"
                    }
                ],
                "id": "dv-6737a82bd7c0d2714e4ae8f5",
                "identifier": [
                    {
                        "system": "https://civicdb.org/evidence",
                        "value": "3017"
                    },
                    {
                        "system": "https://civicdb.org/variant",
                        "value": "12"
                    }
                ],
                "meta": {
                    "profile": [
                        "http://hl7.org/fhir/uv/genomics-reporting/StructureDefinition/therapeutic-implication"
                    ]
                },
                "resourceType": "Observation",
                "status": "final",
                "subject": {
                    "reference": "Patient/CA12345"
                }
            }
        },
        {
            "name": "implication",
            "resource": {
                "category": [
                    {
                        "coding": [
                            {
                                "code": "laboratory",
                                "system": "http://terminology.hl7.org/CodeSystem/observation-category"
                            }
                        ]
                    }
                ],
                "code": {
                    "coding": [
                        {
                            "code": "therapeutic-implication",
                            "system": "http://hl7.org/fhir/uv/genomics-reporting/CodeSystem/tbd-codes-cs"
                        }
                    ]
                },
                "component": [
                    {
                        "code": {
                            "coding": [
                                {
                                    "code": "51963-7",
                                    "display": "medication-assessed",
                                    "system": "http://loinc.org"
                                }
                            ]
                        },
                        "valueCodeableConcept": {
                            "coding": [
                                {
                                    "code": "1424911",
                                    "display": "Dabrafenib",
                                    "system": "http://www.nlm.nih.gov/research/umls/rxnorm"
                                }
                            ]
                        }
                    },
                    {
                        "code": {
                            "coding": [
                                {
                                    "code": "81259-4",
                                    "display": "phenotypic treatment context",
                                    "system": "http://loinc.org"
                                }
                            ]
                        },
                        "valueCodeableConcept": {
                            "coding": [
                                {
                                    "code": "DOID:3908",
                                    "display": "Lung Non-small Cell Carcinoma",
                                    "system": "https://disease-ontology.org"
                                }
                            ]
                        }
                    },
                    {
                        "code": {
                            "coding": [
                                {
                                    "code": "93044-6",
                                    "display": "Level of evidence",
                                    "system": "http://loinc.org"
                                }
                            ]
                        },
                        "valueCodeableConcept": {
                            "text": "C (Case study)"
                        }
                    },
                    {
                        "code": {
                            "coding": [
                                {
                                    "code": "predicted-therapeutic-implication",
                                    "display": "predicted-therapeutic-implication",
                                    "system": "http://hl7.org/fhir/uv/genomics-reporting/CodeSystem/tbd-codes-cs"
                                }
                            ]
                        },
                        "valueCodeableConcept": {
                            "text": "Supports Resistance"
                        }
                    }
                ],
                "derivedFrom": [
                    {
                        "reference": "Observation/dv-58a39ad867e146f585bb553bb10ce85a"
                    }
                ],
                "id": "dv-6737a82bd7c0d2714e4ae561",
                "identifier": [
                    {
                        "system": "https://civicdb.org/evidence",
                        "value": "91"
                    },
                    {
                        "system": "https://civicdb.org/variant",
                        "value": "12"
                    }
                ],
                "meta": {
                    "profile": [
                        "http://hl7.org/fhir/uv/genomics-reporting/StructureDefinition/therapeutic-implication"
                    ]
                },
                "resourceType": "Observation",
                "status": "final",
                "subject": {
                    "reference": "Patient/CA12345"
                }
            }
        },
        {
            "name": "variant",
            "resource": {
                "category": [
                    {
                        "coding": [
                            {
                                "code": "laboratory",
                                "system": "http://terminology.hl7.org/CodeSystem/observation-category"
                            }
                        ]
                    }
                ],
                "code": {
                    "coding": [
                        {
                            "code": "69548-6",
                            "display": "Genetic variant assessment",
                            "system": "http://loinc.org"
                        }
                    ]
                },
                "component": [
                    {
                        "code": {
                            "coding": [
                                {
                                    "code": "48013-7",
                                    "display": "Genomic reference sequence ID",
                                    "system": "http://loinc.org"
                                }
                            ]
                        },
                        "valueCodeableConcept": {
                            "coding": [
                                {
                                    "code": "NC_000007.14",
                                    "system": "http://www.ncbi.nlm.nih.gov/nuccore"
                                }
                            ]
                        }
                    },
                    {
                        "code": {
                            "coding": [
                                {
                                    "code": "69547-8",
                                    "display": "Genomic Ref allele [ID]",
                                    "system": "http://loinc.org"
                                }
                            ]
                        },
                        "valueString": "A"
                    },
                    {
                        "code": {
                            "coding": [
                                {
                                    "code": "69551-0",
                                    "display": "Genomic Alt allele [ID]",
                                    "system": "http://loinc.org"
                                }
                            ]
                        },
                        "valueString": "T"
                    },
                    {
                        "code": {
                            "coding": [
                                {
                                    "code": "81252-9",
                                    "display": "Discrete genetic variant",
                                    "system": "http://loinc.org"
                                }
                            ]
                        },
                        "valueCodeableConcept": {
                            "coding": [
                                {
                                    "code": "NC_000007.14:140753335:A:T",
                                    "display": "NC_000007.14:140753335:A:T",
                                    "system": "https://api.ncbi.nlm.nih.gov/variation/v0/"
                                }
                            ]
                        }
                    },
                    {
                        "code": {
                            "coding": [
                                {
                                    "code": "81254-5",
                                    "display": "Variant exact start-end",
                                    "system": "http://loinc.org"
                                }
                            ]
                        },
                        "valueRange": {
                            "low": {
                                "value": 140753335
                            }
                        }
                    },
                    {
                        "code": {
                            "coding": [
                                {
                                    "code": "92821-8",
                                    "display": "Population allele frequency",
                                    "system": "http://loinc.org"
                                }
                            ]
                        },
                        "valueQuantity": {
                            "code": "1",
                            "system": "http://unitsofmeasure.org",
                            "value": 3.97994e-06
                        }
                    },
                    {
                        "code": {
                            "coding": [
                                {
                                    "code": "92822-6",
                                    "display": "Genomic coord system",
                                    "system": "http://loinc.org"
                                }
                            ]
                        },
                        "valueCodeableConcept": {
                            "coding": [
                                {
                                    "code": "LA30100-4",
                                    "display": "0-based interval counting",
                                    "system": "http://loinc.org"
                                }
                            ]
                        }
                    }
                ],
                "id": "dv-58a39ad867e146f585bb553bb10ce85a",
                "meta": {
                    "profile": [
                        "http://hl7.org/fhir/uv/genomics-reporting/StructureDefinition/variant"
                    ]
                },
                "resourceType": "Observation",
                "status": "final",
                "subject": {
                    "reference": "Patient/CA12345"
                },
                "valueCodeableConcept": {
                    "coding": [
                        {
                            "code": "LA9633-4",
                            "display": "present",
                            "system": "http://loinc.org"
                        }
                    ]
                }
            }
        }
    ],
    "resourceType": "Parameters"
}