{
    "parameter": [
        {
            "name": "consequences",
            "part": [
                {
                    "name": "denominator",
                    "valueQuantity": {
                        "value": 1116
                    }
                },
                {
                    "name": "numerator",
                    "valueQuantity": {
                        "value": 1
                    }
                },
                {
                    "name": "subject",
                    "valueString": "TCGA-DD-A1EH"
                }
            ]
        }
    ],
    "resourceType": "Parameters"
}