{
    "parameter": [
        {
            "name": "variants",
            "part": [
                {
                    "name": "presence",
                    "valueBoolean": false
                },
                {
                    "name": "rangeItem",
                    "valueString": "NC_000004.12:54727415-54727542"
                }
            ]
        },
        {
            "name": "variants",
            "part": [
                {
                    "name": "presence",
                    "valueBoolean": false
                },
                {
                    "name": "rangeItem",
                    "valueString": "NC_000007.14:55019016-55211628"
                }
            ]
        }
    ],
    "resourceType": "Parameters"
}