{
    "example": "apple",
    "seeds?": "yes",
    "type": "simple-fruit"
}
