{
    "parameter": [
        {
            "name": "haplotypes",
            "part": [
                {
                    "name": "genotype",
                    "resource": {
                        "category": [
                            {
                                "coding": [
                                    {
                                        "code": "laboratory",
                                        "system": "http://terminology.hl7.org/CodeSystem/observation-category"
                                    }
                                ]
                            }
                        ],
                        "code": {
                            "coding": [
                                {
                                    "code": "84413-4",
                                    "display": "Genotype display name",
                                    "system": "http://loinc.org"
                                }
                            ]
                        },
                        "component": [
                            {
                                "code": {
                                    "coding": [
                                        {
                                            "code": "48018-6",
                                            "display": "Gene studied",
                                            "system": "http://loinc.org"
                                        }
                                    ]
                                },
                                "valueCodeableConcept": {
                                    "coding": [
                                        {
                                            "code": "HGNC:2621",
                                            "display": "CYP2C19",
                                            "system": "http://www.genenames.org/geneId"
                                        }
                                    ]
                                }
                            }
                        ],
                        "id": "dv-61ccfd4a072302a0eb2115ca",
                        "meta": {
                            "profile": [
                                "http://hl7.org/fhir/uv/genomics-reporting/StructureDefinition/genotype"
                            ]
                        },
                        "resourceType": "Observation",
                        "status": "final",
                        "subject": {
                            "reference": "Patient/XYZ123"
                        },
                        "valueCodeableConcept": {
                            "coding": [
                                {
                                    "code": "CYP2C19 *1/*1",
                                    "display": "CYP2C19 *1/*1",
                                    "system": "https://www.pharmvar.org"
                                }
                            ]
                        }
                    }
                },
                {
                    "name": "haplotypeItem",
                    "valueString": "CYP2C19"
                },
                {
                    "name": "presence",
                    "valueBoolean": true
                }
            ]
        }
    ],
    "resourceType": "Parameters"
}