{
    "resourceType": "Parameters",
    "parameter": [
        {
            "name": "haplotypes",
            "part": [
                {
                    "name": "haplotypeItem",
                    "valueString": "HLA-B*27"
                },
                {
                    "name": "presence",
                    "valueBoolean": false
                }
            ]
        }
    ]
}