{
  "resourceType": "Parameters",
  "parameter": [
    {
      "name": "haplotypes",
      "part": [
        {
          "name": "haplotypeItem",
          "valueString": "DRB1*13:02"
        },
        {
          "name": "presence",
          "valueBoolean": true
        },
        {
          "name": "genotype",
          "resource": {
            "resourceType": "Observation",
            "id": "dv-675b7f8e910c42bf52d8828b",
            "meta": {
              "profile": [
                "http://hl7.org/fhir/uv/genomics-reporting/StructureDefinition/genotype"
              ]
            },
            "status": "final",
            "category": [
              {
                "coding": [
                  {
                    "system": "http://terminology.hl7.org/CodeSystem/observation-category",
                    "code": "laboratory"
                  }
                ]
              }
            ],
            "code": {
              "coding": [
                {
                  "system": "http://loinc.org",
                  "code": "84413-4",
                  "display": "Genotype display name"
                }
              ]
            },
            "valueCodeableConcept": {
              "coding": [
                {
                  "system": "http://www.ebi.ac.uk/ipd/imgt/hla",
                  "code": "DRB1*13:AKBAR",
                  "display": "DRB1*13:AKBAR"
                }
              ]
            },
            "subject": {
              "reference": "Patient/XYZ234"
            },
            "component": [
              {
                "code": {
                  "coding": [
                    {
                      "system": "http://loinc.org",
                      "code": "48018-6",
                      "display": "Gene studied"
                    }
                  ]
                },
                "valueCodeableConcept": {
                  "coding": [
                    {
                      "system": "http://www.genenames.org/geneId",
                      "code": "HGNC:4948",
                      "display": "HLA-DRB1"
                    }
                  ]
                }
              }
            ]
          }
        }
      ]
    }
  ]
}