{
    "parameter": [
        {
            "name": "tests",
            "part": [
                {
                    "name": "dnaChangeType",
                    "valueCodeableConcept": {
                        "coding": [
                            {
                                "code": "SO:0000159",
                                "display": "DEL",
                                "system": "http://sequenceontology.org"
                            },
                            {
                                "code": "SO:0000667",
                                "display": "INS",
                                "system": "http://sequenceontology.org"
                            },
                            {
                                "code": "SO:0001019",
                                "display": "CNV",
                                "system": "http://sequenceontology.org"
                            },
                            {
                                "code": "SO:0001019",
                                "display": "DUP",
                                "system": "http://sequenceontology.org"
                            },
                            {
                                "code": "SO:1000036",
                                "display": "INV",
                                "system": "http://sequenceontology.org"
                            }
                        ]
                    }
                },
                {
                    "name": "genomicBuild",
                    "valueCodeableConcept": {
                        "coding": [
                            {
                                "code": "LA14029-5",
                                "display": "GRCh37",
                                "system": "http://loinc.org"
                            }
                        ]
                    }
                },
                {
                    "name": "regionStudied",
                    "valueString": "['NC_000007.13:55086709-55279321']"
                },
                {
                    "name": "specimenId",
                    "valueString": "HCC1143-Sp1"
                },
                {
                    "name": "testDate",
                    "valueString": "2020-02-17 00:00:00"
                },
                {
                    "name": "testID",
                    "valueString": "HCC1143-T2"
                },
                {
                    "name": "uncallableRegions",
                    "valueString": "['NC_000007.13:55174000-55175000']"
                }
            ]
        },
        {
            "name": "tests",
            "part": [
                {
                    "name": "dnaChangeType",
                    "valueCodeableConcept": {
                        "coding": [
                            {
                                "code": "SO:0001483",
                                "display": "SNV",
                                "system": "http://sequenceontology.org"
                            },
                            {
                                "code": "SO:0002007",
                                "display": "MNV",
                                "system": "http://sequenceontology.org"
                            },
                            {
                                "code": "SO:1000032",
                                "display": "delins",
                                "system": "http://sequenceontology.org"
                            }
                        ]
                    }
                },
                {
                    "name": "genomicBuild",
                    "valueCodeableConcept": {
                        "coding": [
                            {
                                "code": " LA26806-2",
                                "display": "GRCh38",
                                "system": "http://loinc.org"
                            }
                        ]
                    }
                },
                {
                    "name": "regionStudied",
                    "valueString": "['NC_000007.14:55019016-55211628']"
                },
                {
                    "name": "specimenId",
                    "valueString": "HCC1143-Sp1"
                },
                {
                    "name": "testDate",
                    "valueString": "2020-02-03 00:00:00"
                },
                {
                    "name": "testID",
                    "valueString": "HCC1143-T1"
                },
                {
                    "name": "uncallableRegions",
                    "valueString": "unknown"
                }
            ]
        }
    ],
    "resourceType": "Parameters"
}