{
    "resourceType": "Parameters",
    "parameter": [
        {
            "name": "variants",
            "part": [
                {
                    "name": "variantItem",
                    "valueString": "NC_000011.10:g.8263343T>C AND NC_000006.11:26091305:T:C"
                },
                {
                    "name": "numerator",
                    "valueQuantity": {
                        "value": 0
                    }
                },
                {
                    "name": "denominator",
                    "valueQuantity": {
                        "value": 1115
                    }
                }
            ]
        }
    ]
}