{
    "resourceType": "Parameters",
    "parameter": [
        {
            "name": "variants",
            "part": [
                {
                    "name": "variantItem",
                    "valueString": "NC_000001.10:144931726:G:A AND NC_000001.10:145532548:T:C AND NC_000001.10:145592072:A:T"
                },
                {
                    "name": "numerator",
                    "valueQuantity": {
                        "value": 6
                    }
                },
                {
                    "name": "denominator",
                    "valueQuantity": {
                        "value": 1115
                    }
                },
                {
                    "name": "subject",
                    "valueString": "NA18498"
                },
                {
                    "name": "subject",
                    "valueString": "NA18499"
                },
                {
                    "name": "subject",
                    "valueString": "NA18871"
                },
                {
                    "name": "subject",
                    "valueString": "NA19238"
                },
                {
                    "name": "subject",
                    "valueString": "NA19239"
                },
                {
                    "name": "subject",
                    "valueString": "NA19240"
                }
            ]
        }
    ]
}