{
    "parameter": [
        {
            "name": "variants",
            "part": [
                {
                    "name": "presence",
                    "valueBoolean": true
                },
                {
                    "name": "variant",
                    "resource": {
                        "category": [
                            {
                                "coding": [
                                    {
                                        "code": "laboratory",
                                        "system": "http://terminology.hl7.org/CodeSystem/observation-category"
                                    }
                                ]
                            }
                        ],
                        "code": {
                            "coding": [
                                {
                                    "code": "69548-6",
                                    "display": "Genetic variant assessment",
                                    "system": "http://loinc.org"
                                }
                            ]
                        },
                        "component": [
                            {
                                "code": {
                                    "coding": [
                                        {
                                            "code": "48013-7",
                                            "display": "Genomic reference sequence ID",
                                            "system": "http://loinc.org"
                                        }
                                    ]
                                },
                                "valueCodeableConcept": {
                                    "coding": [
                                        {
                                            "code": "NC_000005.9",
                                            "system": "http://www.ncbi.nlm.nih.gov/nuccore"
                                        }
                                    ]
                                }
                            },
                            {
                                "code": {
                                    "coding": [
                                        {
                                            "code": "69547-8",
                                            "display": "Genomic Ref allele [ID]",
                                            "system": "http://loinc.org"
                                        }
                                    ]
                                },
                                "valueString": "A"
                            },
                            {
                                "code": {
                                    "coding": [
                                        {
                                            "code": "69551-0",
                                            "display": "Genomic Alt allele [ID]",
                                            "system": "http://loinc.org"
                                        }
                                    ]
                                },
                                "valueString": "T"
                            },
                            {
                                "code": {
                                    "coding": [
                                        {
                                            "code": "81252-9",
                                            "display": "Discrete genetic variant",
                                            "system": "http://loinc.org"
                                        }
                                    ]
                                },
                                "valueCodeableConcept": {
                                    "coding": [
                                        {
                                            "code": "NC_000005.9:112102031:A:T",
                                            "display": "NC_000005.9:112102031:A:T",
                                            "system": "https://api.ncbi.nlm.nih.gov/variation/v0/"
                                        }
                                    ]
                                }
                            },
                            {
                                "code": {
                                    "coding": [
                                        {
                                            "code": "81254-5",
                                            "display": "Variant exact start-end",
                                            "system": "http://loinc.org"
                                        }
                                    ]
                                },
                                "valueRange": {
                                    "low": {
                                        "value": 112102031
                                    }
                                }
                            },
                            {
                                "code": {
                                    "coding": [
                                        {
                                            "code": "92822-6",
                                            "display": "Genomic coord system",
                                            "system": "http://loinc.org"
                                        }
                                    ]
                                },
                                "valueCodeableConcept": {
                                    "coding": [
                                        {
                                            "code": "LA30100-4",
                                            "display": "0-based interval counting",
                                            "system": "http://loinc.org"
                                        }
                                    ]
                                }
                            }
                        ],
                        "id": "dv-8946090cf8ec4bd78f0ca4a8ee32b3c7",
                        "meta": {
                            "profile": [
                                "http://hl7.org/fhir/uv/genomics-reporting/StructureDefinition/variant"
                            ]
                        },
                        "resourceType": "Observation",
                        "status": "final",
                        "subject": {
                            "reference": "Patient/m123"
                        },
                        "valueCodeableConcept": {
                            "coding": [
                                {
                                    "code": "LA9633-4",
                                    "display": "present",
                                    "system": "http://loinc.org"
                                }
                            ]
                        }
                    }
                },
                {
                    "name": "variantItem",
                    "valueString": "NC_000005.9:g.112102032A>T"
                }
            ]
        }
    ],
    "resourceType": "Parameters"
}