{
    "parameter": [
        {
            "name": "consequence",
            "resource": {
                "category": [
                    {
                        "coding": [
                            {
                                "code": "GE",
                                "system": "http://terminology.hl7.org/CodeSystem/v2-0074"
                            },
                            {
                                "code": "laboratory",
                                "system": "http://terminology.hl7.org/CodeSystem/observation-category"
                            }
                        ]
                    }
                ],
                "code": {
                    "coding": [
                        {
                            "code": "molecular-consequences",
                            "system": "http://hl7.org/fhir/uv/genomics-reporting/CodeSystem/tbd-codes-cs"
                        }
                    ]
                },
                "component": [
                    {
                        "code": {
                            "coding": [
                                {
                                    "code": "48004-6",
                                    "display": "DNA change (c.HGVS)",
                                    "system": "http://loinc.org"
                                }
                            ]
                        },
                        "valueCodeableConcept": {
                            "text": "NM_178349.2:c.118G>T"
                        }
                    },
                    {
                        "code": {
                            "coding": [
                                {
                                    "code": "48005-3",
                                    "display": "Protein (Amino Acid) Change - pHGVS",
                                    "system": "http://loinc.org"
                                }
                            ]
                        },
                        "valueCodeableConcept": {
                            "text": "p.Val40Phe"
                        }
                    },
                    {
                        "code": {
                            "coding": [
                                {
                                    "code": "51958-7",
                                    "display": "Reference Transcript",
                                    "system": "http://loinc.org"
                                }
                            ]
                        },
                        "valueCodeableConcept": {
                            "text": "NM_178349.2"
                        }
                    },
                    {
                        "code": {
                            "coding": [
                                {
                                    "code": "feature-consequence",
                                    "display": "Feature Consequence",
                                    "system": "http://hl7.org/fhir/uv/genomics-reporting/CodeSystem/tbd-codes-cs"
                                }
                            ]
                        },
                        "valueCodeableConcept": {
                            "coding": [
                                {
                                    "code": "SO:0001583",
                                    "display": "missense_variant",
                                    "system": "http://sequenceontology.org"
                                }
                            ]
                        }
                    }
                ],
                "derivedFrom": [
                    {
                        "reference": "Observation/dv-86ab0ee2a6d940c08534ed2db6019d69"
                    }
                ],
                "id": "dv-665f9fd66ee6113688ebd5b4",
                "interpretation": [
                    {
                        "text": "MODERATE"
                    }
                ],
                "meta": {
                    "profile": [
                        "http://hl7.org/fhir/uv/genomics-reporting/StructureDefinition/molecular-consequence"
                    ]
                },
                "resourceType": "Observation",
                "status": "final",
                "subject": {
                    "reference": "Patient/TCGA-DD-A1EH"
                }
            }
        },
        {
            "name": "variant",
            "resource": {
                "category": [
                    {
                        "coding": [
                            {
                                "code": "laboratory",
                                "system": "http://terminology.hl7.org/CodeSystem/observation-category"
                            }
                        ]
                    }
                ],
                "code": {
                    "coding": [
                        {
                            "code": "69548-6",
                            "display": "Genetic variant assessment",
                            "system": "http://loinc.org"
                        }
                    ]
                },
                "component": [
                    {
                        "code": {
                            "coding": [
                                {
                                    "code": "48002-0",
                                    "display": "Genomic Source Class",
                                    "system": "http://loinc.org"
                                }
                            ]
                        },
                        "valueCodeableConcept": {
                            "coding": [
                                {
                                    "code": "LA6684-0",
                                    "display": "somatic",
                                    "system": "http://loinc.org"
                                }
                            ]
                        }
                    },
                    {
                        "code": {
                            "coding": [
                                {
                                    "code": "48013-7",
                                    "display": "Genomic reference sequence ID",
                                    "system": "http://loinc.org"
                                }
                            ]
                        },
                        "valueCodeableConcept": {
                            "coding": [
                                {
                                    "code": "NC_000001.10",
                                    "system": "http://www.ncbi.nlm.nih.gov/nuccore"
                                }
                            ]
                        }
                    },
                    {
                        "code": {
                            "coding": [
                                {
                                    "code": "69547-8",
                                    "display": "Genomic Ref allele [ID]",
                                    "system": "http://loinc.org"
                                }
                            ]
                        },
                        "valueString": "G"
                    },
                    {
                        "code": {
                            "coding": [
                                {
                                    "code": "69551-0",
                                    "display": "Genomic Alt allele [ID]",
                                    "system": "http://loinc.org"
                                }
                            ]
                        },
                        "valueString": "T"
                    },
                    {
                        "code": {
                            "coding": [
                                {
                                    "code": "81252-9",
                                    "display": "Discrete genetic variant",
                                    "system": "http://loinc.org"
                                }
                            ]
                        },
                        "valueCodeableConcept": {
                            "coding": [
                                {
                                    "code": "NC_000001.10:152785039:G:T",
                                    "display": "NC_000001.10:152785039:G:T",
                                    "system": "https://api.ncbi.nlm.nih.gov/variation/v0/"
                                }
                            ]
                        }
                    },
                    {
                        "code": {
                            "coding": [
                                {
                                    "code": "81254-5",
                                    "display": "Variant exact start-end",
                                    "system": "http://loinc.org"
                                }
                            ]
                        },
                        "valueRange": {
                            "low": {
                                "value": 152785039
                            }
                        }
                    },
                    {
                        "code": {
                            "coding": [
                                {
                                    "code": "81258-6",
                                    "display": "Sample VAF",
                                    "system": "http://loinc.org"
                                }
                            ]
                        },
                        "valueQuantity": {
                            "code": "1",
                            "system": "http://unitsofmeasure.org",
                            "unit": "relative frequency of a particular allele in the specimen",
                            "value": 0
                        }
                    },
                    {
                        "code": {
                            "coding": [
                                {
                                    "code": "92822-6",
                                    "display": "Genomic coord system",
                                    "system": "http://loinc.org"
                                }
                            ]
                        },
                        "valueCodeableConcept": {
                            "coding": [
                                {
                                    "code": "LA30100-4",
                                    "display": "0-based interval counting",
                                    "system": "http://loinc.org"
                                }
                            ]
                        }
                    }
                ],
                "id": "dv-86ab0ee2a6d940c08534ed2db6019d69",
                "meta": {
                    "profile": [
                        "http://hl7.org/fhir/uv/genomics-reporting/StructureDefinition/variant"
                    ]
                },
                "resourceType": "Observation",
                "status": "final",
                "subject": {
                    "reference": "Patient/TCGA-DD-A1EH"
                },
                "valueCodeableConcept": {
                    "coding": [
                        {
                            "code": "LA9633-4",
                            "display": "present",
                            "system": "http://loinc.org"
                        }
                    ]
                }
            }
        }
    ],
    "resourceType": "Parameters"
}