{
    "parameter": [
        {
            "name": "consequence",
            "resource": {
                "category": [
                    {
                        "coding": [
                            {
                                "code": "GE",
                                "system": "http://terminology.hl7.org/CodeSystem/v2-0074"
                            },
                            {
                                "code": "laboratory",
                                "system": "http://terminology.hl7.org/CodeSystem/observation-category"
                            }
                        ]
                    }
                ],
                "code": {
                    "coding": [
                        {
                            "code": "molecular-consequences",
                            "system": "http://hl7.org/fhir/uv/genomics-reporting/CodeSystem/tbd-codes-cs"
                        }
                    ]
                },
                "component": [
                    {
                        "code": {
                            "coding": [
                                {
                                    "code": "48004-6",
                                    "display": "DNA change (c.HGVS)",
                                    "system": "http://loinc.org"
                                }
                            ]
                        },
                        "valueCodeableConcept": {
                            "text": ""
                        }
                    },
                    {
                        "code": {
                            "coding": [
                                {
                                    "code": "48005-3",
                                    "display": "Protein (Amino Acid) Change - pHGVS",
                                    "system": "http://loinc.org"
                                }
                            ]
                        },
                        "valueCodeableConcept": {
                            "text": ""
                        }
                    },
                    {
                        "code": {
                            "coding": [
                                {
                                    "code": "51958-7",
                                    "display": "Reference Transcript",
                                    "system": "http://loinc.org"
                                }
                            ]
                        },
                        "valueCodeableConcept": {
                            "text": ""
                        }
                    },
                    {
                        "code": {
                            "coding": [
                                {
                                    "code": "feature-consequence",
                                    "display": "Feature Consequence",
                                    "system": "http://hl7.org/fhir/uv/genomics-reporting/CodeSystem/tbd-codes-cs"
                                }
                            ]
                        },
                        "valueCodeableConcept": {
                            "coding": [
                                {
                                    "code": "SO:0001589",
                                    "display": "frameshift_variant",
                                    "system": "http://sequenceontology.org"
                                }
                            ]
                        }
                    },
                    {
                        "code": {
                            "coding": [
                                {
                                    "code": "functional-effect",
                                    "display": "Functional Effect",
                                    "system": "http://hl7.org/fhir/uv/genomics-reporting/CodeSystem/tbd-codes-cs"
                                }
                            ]
                        },
                        "valueCodeableConcept": {
                            "coding": [
                                {
                                    "code": "SO:0002054",
                                    "display": "loss_of_function_variant",
                                    "system": "http://sequenceontology.org"
                                }
                            ]
                        }
                    }
                ],
                "derivedFrom": [
                    {
                        "reference": "Observation/dv-92ee36e45955474c9a8fe16b69086e83"
                    }
                ],
                "id": "dv-666319b7b66532ba5a99b4a3",
                "interpretation": [
                    {
                        "text": "HIGH"
                    }
                ],
                "meta": {
                    "profile": [
                        "http://hl7.org/fhir/uv/genomics-reporting/StructureDefinition/molecular-consequence"
                    ]
                },
                "resourceType": "Observation",
                "status": "final",
                "subject": {
                    "reference": "Patient/NA19240"
                }
            }
        },
        {
            "name": "variant",
            "resource": {
                "category": [
                    {
                        "coding": [
                            {
                                "code": "laboratory",
                                "system": "http://terminology.hl7.org/CodeSystem/observation-category"
                            }
                        ]
                    }
                ],
                "code": {
                    "coding": [
                        {
                            "code": "69548-6",
                            "display": "Genetic variant assessment",
                            "system": "http://loinc.org"
                        }
                    ]
                },
                "component": [
                    {
                        "code": {
                            "coding": [
                                {
                                    "code": "48002-0",
                                    "display": "Genomic Source Class",
                                    "system": "http://loinc.org"
                                }
                            ]
                        },
                        "valueCodeableConcept": {
                            "coding": [
                                {
                                    "code": "LA6683-2",
                                    "display": "germline",
                                    "system": "http://loinc.org"
                                }
                            ]
                        }
                    },
                    {
                        "code": {
                            "coding": [
                                {
                                    "code": "48013-7",
                                    "display": "Genomic reference sequence ID",
                                    "system": "http://loinc.org"
                                }
                            ]
                        },
                        "valueCodeableConcept": {
                            "coding": [
                                {
                                    "code": "NC_000003.11",
                                    "system": "http://www.ncbi.nlm.nih.gov/nuccore"
                                }
                            ]
                        }
                    },
                    {
                        "code": {
                            "coding": [
                                {
                                    "code": "53034-5",
                                    "display": "Allelic state",
                                    "system": "http://loinc.org"
                                }
                            ]
                        },
                        "valueCodeableConcept": {
                            "coding": [
                                {
                                    "code": "LA6706-1",
                                    "display": "heterozygous",
                                    "system": "http://loinc.org"
                                }
                            ]
                        }
                    },
                    {
                        "code": {
                            "coding": [
                                {
                                    "code": "69547-8",
                                    "display": "Genomic Ref allele [ID]",
                                    "system": "http://loinc.org"
                                }
                            ]
                        },
                        "valueString": "G"
                    },
                    {
                        "code": {
                            "coding": [
                                {
                                    "code": "69551-0",
                                    "display": "Genomic Alt allele [ID]",
                                    "system": "http://loinc.org"
                                }
                            ]
                        },
                        "valueString": "A"
                    },
                    {
                        "code": {
                            "coding": [
                                {
                                    "code": "81252-9",
                                    "display": "Discrete genetic variant",
                                    "system": "http://loinc.org"
                                }
                            ]
                        },
                        "valueCodeableConcept": {
                            "coding": [
                                {
                                    "code": "NC_000003.11:37050303:G:A",
                                    "display": "NC_000003.11:37050303:G:A",
                                    "system": "https://api.ncbi.nlm.nih.gov/variation/v0/"
                                }
                            ]
                        }
                    },
                    {
                        "code": {
                            "coding": [
                                {
                                    "code": "81254-5",
                                    "display": "Variant exact start-end",
                                    "system": "http://loinc.org"
                                }
                            ]
                        },
                        "valueRange": {
                            "low": {
                                "value": 37050303
                            }
                        }
                    },
                    {
                        "code": {
                            "coding": [
                                {
                                    "code": "92822-6",
                                    "display": "Genomic coord system",
                                    "system": "http://loinc.org"
                                }
                            ]
                        },
                        "valueCodeableConcept": {
                            "coding": [
                                {
                                    "code": "LA30100-4",
                                    "display": "0-based interval counting",
                                    "system": "http://loinc.org"
                                }
                            ]
                        }
                    }
                ],
                "id": "dv-92ee36e45955474c9a8fe16b69086e83",
                "meta": {
                    "profile": [
                        "http://hl7.org/fhir/uv/genomics-reporting/StructureDefinition/variant"
                    ]
                },
                "resourceType": "Observation",
                "status": "final",
                "subject": {
                    "reference": "Patient/NA19240"
                },
                "valueCodeableConcept": {
                    "coding": [
                        {
                            "code": "LA9633-4",
                            "display": "present",
                            "system": "http://loinc.org"
                        }
                    ]
                }
            }
        }
    ],
    "resourceType": "Parameters"
}