{
    "resourceType": "Parameters",
    "parameter": [
        {
            "name": "variants",
            "part": [
                {
                    "name": "rangeItem",
                    "valueString": "NC_000022.10:42522500-42526812"
                },
                {
                    "name": "numerator",
                    "valueQuantity": {
                        "value": 3
                    }
                },
                {
                    "name": "denominator",
                    "valueQuantity": {
                        "value": 1115
                    }
                },
                {
                    "name": "subject",
                    "valueString": "ABC123"
                },
                {
                    "name": "subject",
                    "valueString": "ABC456"
                },
                {
                    "name": "subject",
                    "valueString": "ABC789"
                }
            ]
        }
    ]
}