{
    "parameter": [
        {
            "name": "variants",
            "part": [
                {
                    "name": "presence",
                    "valueBoolean": false
                },
                {
                    "name": "rangeItem",
                    "valueString": "NC_000019.9:11221327-11221447"
                }
            ]
        }
    ],
    "resourceType": "Parameters"
}