{
    "parameter": [
        {
            "name": "variants",
            "part": [
                {
                    "name": "presence",
                    "valueBoolean": true
                },
                {
                    "name": "rangeItem",
                    "valueString": "NC_000001.10:69501-69520"
                },
                {
                    "name": "variant",
                    "resource": {
                        "category": [
                            {
                                "coding": [
                                    {
                                        "code": "laboratory",
                                        "system": "http://terminology.hl7.org/CodeSystem/observation-category"
                                    }
                                ]
                            }
                        ],
                        "code": {
                            "coding": [
                                {
                                    "code": "69548-6",
                                    "display": "Genetic variant assessment",
                                    "system": "http://loinc.org"
                                }
                            ]
                        },
                        "component": [
                            {
                                "code": {
                                    "coding": [
                                        {
                                            "code": "48002-0",
                                            "display": "Genomic Source Class",
                                            "system": "http://loinc.org"
                                        }
                                    ]
                                },
                                "valueCodeableConcept": {
                                    "coding": [
                                        {
                                            "code": "LA6683-2",
                                            "display": "germline",
                                            "system": "http://loinc.org"
                                        }
                                    ]
                                }
                            },
                            {
                                "code": {
                                    "coding": [
                                        {
                                            "code": "48013-7",
                                            "display": "Genomic reference sequence ID",
                                            "system": "http://loinc.org"
                                        }
                                    ]
                                },
                                "valueCodeableConcept": {
                                    "coding": [
                                        {
                                            "code": "NC_000001.10",
                                            "system": "http://www.ncbi.nlm.nih.gov/nuccore"
                                        }
                                    ]
                                }
                            },
                            {
                                "code": {
                                    "coding": [
                                        {
                                            "code": "53034-5",
                                            "display": "Allelic state",
                                            "system": "http://loinc.org"
                                        }
                                    ]
                                },
                                "valueCodeableConcept": {
                                    "coding": [
                                        {
                                            "code": "LA6705-3",
                                            "display": "homozygous",
                                            "system": "http://loinc.org"
                                        }
                                    ]
                                }
                            },
                            {
                                "code": {
                                    "coding": [
                                        {
                                            "code": "69547-8",
                                            "display": "Genomic Ref allele [ID]",
                                            "system": "http://loinc.org"
                                        }
                                    ]
                                },
                                "valueString": "A"
                            },
                            {
                                "code": {
                                    "coding": [
                                        {
                                            "code": "69551-0",
                                            "display": "Genomic Alt allele [ID]",
                                            "system": "http://loinc.org"
                                        }
                                    ]
                                },
                                "valueString": "G"
                            },
                            {
                                "code": {
                                    "coding": [
                                        {
                                            "code": "81252-9",
                                            "display": "Discrete genetic variant",
                                            "system": "http://loinc.org"
                                        }
                                    ]
                                },
                                "valueCodeableConcept": {
                                    "coding": [
                                        {
                                            "code": "NC_000001.10:69510:A:G",
                                            "display": "NC_000001.10:69510:A:G",
                                            "system": "https://api.ncbi.nlm.nih.gov/variation/v0/"
                                        }
                                    ]
                                }
                            },
                            {
                                "code": {
                                    "coding": [
                                        {
                                            "code": "81254-5",
                                            "display": "Variant exact start-end",
                                            "system": "http://loinc.org"
                                        }
                                    ]
                                },
                                "valueRange": {
                                    "low": {
                                        "value": 69510
                                    }
                                }
                            },
                            {
                                "code": {
                                    "coding": [
                                        {
                                            "code": "81258-6",
                                            "display": "Sample VAF",
                                            "system": "http://loinc.org"
                                        }
                                    ]
                                },
                                "valueQuantity": {
                                    "code": "1",
                                    "system": "http://unitsofmeasure.org",
                                    "unit": "relative frequency of a particular allele in the specimen",
                                    "value": 1.0
                                }
                            },
                            {
                                "code": {
                                    "coding": [
                                        {
                                            "code": "92821-8",
                                            "display": "Population allele frequency",
                                            "system": "http://loinc.org"
                                        }
                                    ]
                                },
                                "valueQuantity": {
                                    "code": "1",
                                    "system": "http://unitsofmeasure.org",
                                    "value": 0.949691
                                }
                            },
                            {
                                "code": {
                                    "coding": [
                                        {
                                            "code": "92822-6",
                                            "display": "Genomic coord system",
                                            "system": "http://loinc.org"
                                        }
                                    ]
                                },
                                "valueCodeableConcept": {
                                    "coding": [
                                        {
                                            "code": "LA30100-4",
                                            "display": "0-based interval counting",
                                            "system": "http://loinc.org"
                                        }
                                    ]
                                }
                            }
                        ],
                        "id": "dv-a19d3986a732490eb7a56a9dacf55175",
                        "meta": {
                            "profile": [
                                "http://hl7.org/fhir/uv/genomics-reporting/StructureDefinition/variant"
                            ]
                        },
                        "resourceType": "Observation",
                        "status": "final",
                        "subject": {
                            "reference": "Patient/HG00403"
                        },
                        "valueCodeableConcept": {
                            "coding": [
                                {
                                    "code": "LA9633-4",
                                    "display": "present",
                                    "system": "http://loinc.org"
                                }
                            ]
                        }
                    }
                }
            ]
        },
        {
            "name": "variants",
            "part": [
                {
                    "name": "presence",
                    "valueBoolean": true
                },
                {
                    "name": "rangeItem",
                    "valueString": "NC_000001.10:69501-69521"
                },
                {
                    "name": "variant",
                    "resource": {
                        "category": [
                            {
                                "coding": [
                                    {
                                        "code": "laboratory",
                                        "system": "http://terminology.hl7.org/CodeSystem/observation-category"
                                    }
                                ]
                            }
                        ],
                        "code": {
                            "coding": [
                                {
                                    "code": "69548-6",
                                    "display": "Genetic variant assessment",
                                    "system": "http://loinc.org"
                                }
                            ]
                        },
                        "component": [
                            {
                                "code": {
                                    "coding": [
                                        {
                                            "code": "48002-0",
                                            "display": "Genomic Source Class",
                                            "system": "http://loinc.org"
                                        }
                                    ]
                                },
                                "valueCodeableConcept": {
                                    "coding": [
                                        {
                                            "code": "LA6683-2",
                                            "display": "germline",
                                            "system": "http://loinc.org"
                                        }
                                    ]
                                }
                            },
                            {
                                "code": {
                                    "coding": [
                                        {
                                            "code": "48013-7",
                                            "display": "Genomic reference sequence ID",
                                            "system": "http://loinc.org"
                                        }
                                    ]
                                },
                                "valueCodeableConcept": {
                                    "coding": [
                                        {
                                            "code": "NC_000001.10",
                                            "system": "http://www.ncbi.nlm.nih.gov/nuccore"
                                        }
                                    ]
                                }
                            },
                            {
                                "code": {
                                    "coding": [
                                        {
                                            "code": "53034-5",
                                            "display": "Allelic state",
                                            "system": "http://loinc.org"
                                        }
                                    ]
                                },
                                "valueCodeableConcept": {
                                    "coding": [
                                        {
                                            "code": "LA6705-3",
                                            "display": "homozygous",
                                            "system": "http://loinc.org"
                                        }
                                    ]
                                }
                            },
                            {
                                "code": {
                                    "coding": [
                                        {
                                            "code": "69547-8",
                                            "display": "Genomic Ref allele [ID]",
                                            "system": "http://loinc.org"
                                        }
                                    ]
                                },
                                "valueString": "A"
                            },
                            {
                                "code": {
                                    "coding": [
                                        {
                                            "code": "69551-0",
                                            "display": "Genomic Alt allele [ID]",
                                            "system": "http://loinc.org"
                                        }
                                    ]
                                },
                                "valueString": "G"
                            },
                            {
                                "code": {
                                    "coding": [
                                        {
                                            "code": "81252-9",
                                            "display": "Discrete genetic variant",
                                            "system": "http://loinc.org"
                                        }
                                    ]
                                },
                                "valueCodeableConcept": {
                                    "coding": [
                                        {
                                            "code": "NC_000001.10:69510:A:G",
                                            "display": "NC_000001.10:69510:A:G",
                                            "system": "https://api.ncbi.nlm.nih.gov/variation/v0/"
                                        }
                                    ]
                                }
                            },
                            {
                                "code": {
                                    "coding": [
                                        {
                                            "code": "81254-5",
                                            "display": "Variant exact start-end",
                                            "system": "http://loinc.org"
                                        }
                                    ]
                                },
                                "valueRange": {
                                    "low": {
                                        "value": 69510
                                    }
                                }
                            },
                            {
                                "code": {
                                    "coding": [
                                        {
                                            "code": "81258-6",
                                            "display": "Sample VAF",
                                            "system": "http://loinc.org"
                                        }
                                    ]
                                },
                                "valueQuantity": {
                                    "code": "1",
                                    "system": "http://unitsofmeasure.org",
                                    "unit": "relative frequency of a particular allele in the specimen",
                                    "value": 1.0
                                }
                            },
                            {
                                "code": {
                                    "coding": [
                                        {
                                            "code": "92821-8",
                                            "display": "Population allele frequency",
                                            "system": "http://loinc.org"
                                        }
                                    ]
                                },
                                "valueQuantity": {
                                    "code": "1",
                                    "system": "http://unitsofmeasure.org",
                                    "value": 0.949691
                                }
                            },
                            {
                                "code": {
                                    "coding": [
                                        {
                                            "code": "92822-6",
                                            "display": "Genomic coord system",
                                            "system": "http://loinc.org"
                                        }
                                    ]
                                },
                                "valueCodeableConcept": {
                                    "coding": [
                                        {
                                            "code": "LA30100-4",
                                            "display": "0-based interval counting",
                                            "system": "http://loinc.org"
                                        }
                                    ]
                                }
                            }
                        ],
                        "id": "dv-a19d3986a732490eb7a56a9dacf55175",
                        "meta": {
                            "profile": [
                                "http://hl7.org/fhir/uv/genomics-reporting/StructureDefinition/variant"
                            ]
                        },
                        "resourceType": "Observation",
                        "status": "final",
                        "subject": {
                            "reference": "Patient/HG00403"
                        },
                        "valueCodeableConcept": {
                            "coding": [
                                {
                                    "code": "LA9633-4",
                                    "display": "present",
                                    "system": "http://loinc.org"
                                }
                            ]
                        }
                    }
                }
            ]
        }
    ],
    "resourceType": "Parameters"
}